// Jest Snapshot v1, https://goo.gl/fbAQLP

exports[`FlatListScreen matches DOM Snapshot 1`] = `
<View
  className="sc-bdvvtL bExxtu"
>
  <RCTSafeAreaView
    style={
      [
        {
          "backgroundColor": "#FFFFFF",
          "height": "100%",
        },
      ]
    }
  >
    <RCTScrollView
      ListEmptyComponent={<DataLoadSpinner />}
      contentContainerStyle={
        {
          "paddingBottom": 8,
        }
      }
      data={
        [
          {
            "birth_year": "112BBY",
            "gender": "male",
            "height": "178",
            "id": 1,
            "mass": "74",
            "name": "John",
          },
          {
            "birth_year": "111BBY",
            "gender": "n/a",
            "height": "182",
            "id": 2,
            "mass": "86",
            "name": "Peter",
          },
          {
            "birth_year": "114BBY",
            "gender": "female",
            "height": "171",
            "id": 3,
            "mass": "89",
            "name": "Marco",
          },
        ]
      }
      getItem={[Function]}
      getItemCount={[Function]}
      keyExtractor={[Function]}
      onContentSizeChange={[Function]}
      onEndReached={[Function]}
      onEndReachedThreshold={0.5}
      onLayout={[Function]}
      onMomentumScrollBegin={[Function]}
      onMomentumScrollEnd={[Function]}
      onScroll={[Function]}
      onScrollBeginDrag={[Function]}
      onScrollEndDrag={[Function]}
      overScrollMode="never"
      refreshControl={
        <RefreshControlMock
          onRefresh={[MockFunction]}
          refreshing={true}
          tintColor="#000"
        />
      }
      removeClippedSubviews={false}
      renderItem={[Function]}
      scrollEventThrottle={50}
      showsVerticalScrollIndicator={false}
      stickyHeaderIndices={[]}
      viewabilityConfigCallbackPairs={[]}
    >
      <RCTRefreshControl />
      <View>
        <View
          onFocusCapture={[Function]}
          onLayout={[Function]}
          style={null}
        >
          <View
            alignItems="center"
            background="#201652"
            borderRadius="10px"
            boxShadow="5px 3px 5px #e5e5e5"
            className="sc-bdvvtL iFUkdj"
            mx="16px"
            my="8px"
            p="24px"
          >
            <Text
              color="#FBE123"
              fontFamily="Roboto"
              fontSize="XXL"
              fontWeight="BOLD"
              mb="24px"
              style={
                [
                  {
                    "color": "#FBE123",
                    "fontFamily": "Roboto",
                    "fontSize": 25,
                    "fontWeight": "700",
                    "marginBottom": 24,
                  },
                ]
              }
            >
              John
            </Text>
            <View
              className="sc-bdvvtL hrMiJy"
              flexDirection="row"
            >
              <View
                className="sc-bdvvtL fzpeaf"
                flex={1}
                mr="8px"
              >
                <View
                  alignItems="center"
                  background="#3DBFAF"
                  borderRadius="10px"
                  className="sc-bdvvtL hVylIW"
                  justifyContent="center"
                  mb="16px"
                  p="16px"
                >
                  <Text
                    color="#201652"
                    fontFamily="Roboto"
                    fontSize="M"
                    fontWeight="SEMI_BOLD"
                    mb="8px"
                    style={
                      [
                        {
                          "color": "#201652",
                          "fontFamily": "Roboto",
                          "fontSize": 16,
                          "fontWeight": "600",
                          "marginBottom": 8,
                        },
                      ]
                    }
                  >
                    Height
                  </Text>
                  <Text
                    color="#201652"
                    fontFamily="Roboto"
                    fontSize="M"
                    fontWeight="NORMAL"
                    style={
                      [
                        {
                          "color": "#201652",
                          "fontFamily": "Roboto",
                          "fontSize": 16,
                          "fontWeight": "400",
                        },
                      ]
                    }
                  >
                    178
                  </Text>
                </View>
                <View
                  alignItems="center"
                  background="#3DBFAF"
                  borderRadius="10px"
                  className="sc-bdvvtL jfUa-dE"
                  justifyContent="center"
                  p="16px"
                >
                  <Text
                    color="#201652"
                    fontFamily="Roboto"
                    fontSize="M"
                    fontWeight="SEMI_BOLD"
                    mb="8px"
                    style={
                      [
                        {
                          "color": "#201652",
                          "fontFamily": "Roboto",
                          "fontSize": 16,
                          "fontWeight": "600",
                          "marginBottom": 8,
                        },
                      ]
                    }
                  >
                    Weight
                  </Text>
                  <Text
                    color="#201652"
                    fontFamily="Roboto"
                    fontSize="M"
                    fontWeight="NORMAL"
                    style={
                      [
                        {
                          "color": "#201652",
                          "fontFamily": "Roboto",
                          "fontSize": 16,
                          "fontWeight": "400",
                        },
                      ]
                    }
                  >
                    74
                  </Text>
                </View>
              </View>
              <View
                className="sc-bdvvtL hXqByU"
                flex={1}
                ml="8px"
              >
                <View
                  alignItems="center"
                  background="#3DBFAF"
                  borderRadius="10px"
                  className="sc-bdvvtL hVylIW"
                  justifyContent="center"
                  mb="16px"
                  p="16px"
                >
                  <Text
                    color="#201652"
                    fontFamily="Roboto"
                    fontSize="M"
                    fontWeight="SEMI_BOLD"
                    mb="8px"
                    style={
                      [
                        {
                          "color": "#201652",
                          "fontFamily": "Roboto",
                          "fontSize": 16,
                          "fontWeight": "600",
                          "marginBottom": 8,
                        },
                      ]
                    }
                  >
                    Gender
                  </Text>
                  <Text
                    color="#201652"
                    fontFamily="Roboto"
                    fontSize="M"
                    fontWeight="NORMAL"
                    style={
                      [
                        {
                          "color": "#201652",
                          "fontFamily": "Roboto",
                          "fontSize": 16,
                          "fontWeight": "400",
                        },
                      ]
                    }
                  >
                    male
                  </Text>
                </View>
                <View
                  alignItems="center"
                  background="#3DBFAF"
                  borderRadius="10px"
                  className="sc-bdvvtL jfUa-dE"
                  justifyContent="center"
                  p="16px"
                >
                  <Text
                    color="#201652"
                    fontFamily="Roboto"
                    fontSize="M"
                    fontWeight="SEMI_BOLD"
                    mb="8px"
                    style={
                      [
                        {
                          "color": "#201652",
                          "fontFamily": "Roboto",
                          "fontSize": 16,
                          "fontWeight": "600",
                          "marginBottom": 8,
                        },
                      ]
                    }
                  >
                    Birth year
                  </Text>
                  <Text
                    color="#201652"
                    fontFamily="Roboto"
                    fontSize="M"
                    fontWeight="NORMAL"
                    style={
                      [
                        {
                          "color": "#201652",
                          "fontFamily": "Roboto",
                          "fontSize": 16,
                          "fontWeight": "400",
                        },
                      ]
                    }
                  >
                    112BBY
                  </Text>
                </View>
              </View>
            </View>
          </View>
        </View>
        <View
          onFocusCapture={[Function]}
          onLayout={[Function]}
          style={null}
        >
          <View
            alignItems="center"
            background="#201652"
            borderRadius="10px"
            boxShadow="5px 3px 5px #e5e5e5"
            className="sc-bdvvtL iFUkdj"
            mx="16px"
            my="8px"
            p="24px"
          >
            <Text
              color="#FBE123"
              fontFamily="Roboto"
              fontSize="XXL"
              fontWeight="BOLD"
              mb="24px"
              style={
                [
                  {
                    "color": "#FBE123",
                    "fontFamily": "Roboto",
                    "fontSize": 25,
                    "fontWeight": "700",
                    "marginBottom": 24,
                  },
                ]
              }
            >
              Peter
            </Text>
            <View
              className="sc-bdvvtL hrMiJy"
              flexDirection="row"
            >
              <View
                className="sc-bdvvtL fzpeaf"
                flex={1}
                mr="8px"
              >
                <View
                  alignItems="center"
                  background="#3DBFAF"
                  borderRadius="10px"
                  className="sc-bdvvtL hVylIW"
                  justifyContent="center"
                  mb="16px"
                  p="16px"
                >
                  <Text
                    color="#201652"
                    fontFamily="Roboto"
                    fontSize="M"
                    fontWeight="SEMI_BOLD"
                    mb="8px"
                    style={
                      [
                        {
                          "color": "#201652",
                          "fontFamily": "Roboto",
                          "fontSize": 16,
                          "fontWeight": "600",
                          "marginBottom": 8,
                        },
                      ]
                    }
                  >
                    Height
                  </Text>
                  <Text
                    color="#201652"
                    fontFamily="Roboto"
                    fontSize="M"
                    fontWeight="NORMAL"
                    style={
                      [
                        {
                          "color": "#201652",
                          "fontFamily": "Roboto",
                          "fontSize": 16,
                          "fontWeight": "400",
                        },
                      ]
                    }
                  >
                    182
                  </Text>
                </View>
                <View
                  alignItems="center"
                  background="#3DBFAF"
                  borderRadius="10px"
                  className="sc-bdvvtL jfUa-dE"
                  justifyContent="center"
                  p="16px"
                >
                  <Text
                    color="#201652"
                    fontFamily="Roboto"
                    fontSize="M"
                    fontWeight="SEMI_BOLD"
                    mb="8px"
                    style={
                      [
                        {
                          "color": "#201652",
                          "fontFamily": "Roboto",
                          "fontSize": 16,
                          "fontWeight": "600",
                          "marginBottom": 8,
                        },
                      ]
                    }
                  >
                    Weight
                  </Text>
                  <Text
                    color="#201652"
                    fontFamily="Roboto"
                    fontSize="M"
                    fontWeight="NORMAL"
                    style={
                      [
                        {
                          "color": "#201652",
                          "fontFamily": "Roboto",
                          "fontSize": 16,
                          "fontWeight": "400",
                        },
                      ]
                    }
                  >
                    86
                  </Text>
                </View>
              </View>
              <View
                className="sc-bdvvtL hXqByU"
                flex={1}
                ml="8px"
              >
                <View
                  alignItems="center"
                  background="#3DBFAF"
                  borderRadius="10px"
                  className="sc-bdvvtL hVylIW"
                  justifyContent="center"
                  mb="16px"
                  p="16px"
                >
                  <Text
                    color="#201652"
                    fontFamily="Roboto"
                    fontSize="M"
                    fontWeight="SEMI_BOLD"
                    mb="8px"
                    style={
                      [
                        {
                          "color": "#201652",
                          "fontFamily": "Roboto",
                          "fontSize": 16,
                          "fontWeight": "600",
                          "marginBottom": 8,
                        },
                      ]
                    }
                  >
                    Gender
                  </Text>
                  <Text
                    color="#201652"
                    fontFamily="Roboto"
                    fontSize="M"
                    fontWeight="NORMAL"
                    style={
                      [
                        {
                          "color": "#201652",
                          "fontFamily": "Roboto",
                          "fontSize": 16,
                          "fontWeight": "400",
                        },
                      ]
                    }
                  >
                    n/a
                  </Text>
                </View>
                <View
                  alignItems="center"
                  background="#3DBFAF"
                  borderRadius="10px"
                  className="sc-bdvvtL jfUa-dE"
                  justifyContent="center"
                  p="16px"
                >
                  <Text
                    color="#201652"
                    fontFamily="Roboto"
                    fontSize="M"
                    fontWeight="SEMI_BOLD"
                    mb="8px"
                    style={
                      [
                        {
                          "color": "#201652",
                          "fontFamily": "Roboto",
                          "fontSize": 16,
                          "fontWeight": "600",
                          "marginBottom": 8,
                        },
                      ]
                    }
                  >
                    Birth year
                  </Text>
                  <Text
                    color="#201652"
                    fontFamily="Roboto"
                    fontSize="M"
                    fontWeight="NORMAL"
                    style={
                      [
                        {
                          "color": "#201652",
                          "fontFamily": "Roboto",
                          "fontSize": 16,
                          "fontWeight": "400",
                        },
                      ]
                    }
                  >
                    111BBY
                  </Text>
                </View>
              </View>
            </View>
          </View>
        </View>
        <View
          onFocusCapture={[Function]}
          onLayout={[Function]}
          style={null}
        >
          <View
            alignItems="center"
            background="#201652"
            borderRadius="10px"
            boxShadow="5px 3px 5px #e5e5e5"
            className="sc-bdvvtL iFUkdj"
            mx="16px"
            my="8px"
            p="24px"
          >
            <Text
              color="#FBE123"
              fontFamily="Roboto"
              fontSize="XXL"
              fontWeight="BOLD"
              mb="24px"
              style={
                [
                  {
                    "color": "#FBE123",
                    "fontFamily": "Roboto",
                    "fontSize": 25,
                    "fontWeight": "700",
                    "marginBottom": 24,
                  },
                ]
              }
            >
              Marco
            </Text>
            <View
              className="sc-bdvvtL hrMiJy"
              flexDirection="row"
            >
              <View
                className="sc-bdvvtL fzpeaf"
                flex={1}
                mr="8px"
              >
                <View
                  alignItems="center"
                  background="#3DBFAF"
                  borderRadius="10px"
                  className="sc-bdvvtL hVylIW"
                  justifyContent="center"
                  mb="16px"
                  p="16px"
                >
                  <Text
                    color="#201652"
                    fontFamily="Roboto"
                    fontSize="M"
                    fontWeight="SEMI_BOLD"
                    mb="8px"
                    style={
                      [
                        {
                          "color": "#201652",
                          "fontFamily": "Roboto",
                          "fontSize": 16,
                          "fontWeight": "600",
                          "marginBottom": 8,
                        },
                      ]
                    }
                  >
                    Height
                  </Text>
                  <Text
                    color="#201652"
                    fontFamily="Roboto"
                    fontSize="M"
                    fontWeight="NORMAL"
                    style={
                      [
                        {
                          "color": "#201652",
                          "fontFamily": "Roboto",
                          "fontSize": 16,
                          "fontWeight": "400",
                        },
                      ]
                    }
                  >
                    171
                  </Text>
                </View>
                <View
                  alignItems="center"
                  background="#3DBFAF"
                  borderRadius="10px"
                  className="sc-bdvvtL jfUa-dE"
                  justifyContent="center"
                  p="16px"
                >
                  <Text
                    color="#201652"
                    fontFamily="Roboto"
                    fontSize="M"
                    fontWeight="SEMI_BOLD"
                    mb="8px"
                    style={
                      [
                        {
                          "color": "#201652",
                          "fontFamily": "Roboto",
                          "fontSize": 16,
                          "fontWeight": "600",
                          "marginBottom": 8,
                        },
                      ]
                    }
                  >
                    Weight
                  </Text>
                  <Text
                    color="#201652"
                    fontFamily="Roboto"
                    fontSize="M"
                    fontWeight="NORMAL"
                    style={
                      [
                        {
                          "color": "#201652",
                          "fontFamily": "Roboto",
                          "fontSize": 16,
                          "fontWeight": "400",
                        },
                      ]
                    }
                  >
                    89
                  </Text>
                </View>
              </View>
              <View
                className="sc-bdvvtL hXqByU"
                flex={1}
                ml="8px"
              >
                <View
                  alignItems="center"
                  background="#3DBFAF"
                  borderRadius="10px"
                  className="sc-bdvvtL hVylIW"
                  justifyContent="center"
                  mb="16px"
                  p="16px"
                >
                  <Text
                    color="#201652"
                    fontFamily="Roboto"
                    fontSize="M"
                    fontWeight="SEMI_BOLD"
                    mb="8px"
                    style={
                      [
                        {
                          "color": "#201652",
                          "fontFamily": "Roboto",
                          "fontSize": 16,
                          "fontWeight": "600",
                          "marginBottom": 8,
                        },
                      ]
                    }
                  >
                    Gender
                  </Text>
                  <Text
                    color="#201652"
                    fontFamily="Roboto"
                    fontSize="M"
                    fontWeight="NORMAL"
                    style={
                      [
                        {
                          "color": "#201652",
                          "fontFamily": "Roboto",
                          "fontSize": 16,
                          "fontWeight": "400",
                        },
                      ]
                    }
                  >
                    female
                  </Text>
                </View>
                <View
                  alignItems="center"
                  background="#3DBFAF"
                  borderRadius="10px"
                  className="sc-bdvvtL jfUa-dE"
                  justifyContent="center"
                  p="16px"
                >
                  <Text
                    color="#201652"
                    fontFamily="Roboto"
                    fontSize="M"
                    fontWeight="SEMI_BOLD"
                    mb="8px"
                    style={
                      [
                        {
                          "color": "#201652",
                          "fontFamily": "Roboto",
                          "fontSize": 16,
                          "fontWeight": "600",
                          "marginBottom": 8,
                        },
                      ]
                    }
                  >
                    Birth year
                  </Text>
                  <Text
                    color="#201652"
                    fontFamily="Roboto"
                    fontSize="M"
                    fontWeight="NORMAL"
                    style={
                      [
                        {
                          "color": "#201652",
                          "fontFamily": "Roboto",
                          "fontSize": 16,
                          "fontWeight": "400",
                        },
                      ]
                    }
                  >
                    114BBY
                  </Text>
                </View>
              </View>
            </View>
          </View>
        </View>
      </View>
    </RCTScrollView>
  </RCTSafeAreaView>
</View>
`;
