// Jest Snapshot v1, https://goo.gl/fbAQLP

exports[`StarShipCard matches DOM Snapshot 1`] = `
<View
  alignItems="center"
  background="#201652"
  borderRadius="10px"
  boxShadow="5px 3px 5px #e5e5e5"
  className="sc-aXZVg dtxNCA"
  mx="16px"
  my="8px"
  p="24px"
>
  <Text
    className="StyledNativeComponent sc-gEvEer fVIpou"
    color="#000"
    fontFamily="Roboto"
    fontSize="M"
    fontWeight="NORMAL"
    mb="8px"
    textAlign="center"
  >
    Test name
  </Text>
  <Text
    className="StyledNativeComponent sc-eqUAAy bVCvdq"
    color="#000"
    fontFamily="Roboto"
    fontSize="M"
    fontWeight="NORMAL"
    mb="24px"
    textAlign="center"
  >
    Imperium
  </Text>
  <View
    className="sc-aXZVg gOdboe"
    width="100%"
  >
    <View
      className="sc-aXZVg QSfUr"
      flexDirection="row"
      mb="16px"
    >
      <View
        alignItems="center"
        background="#3DBFAF"
        borderRadius="10px"
        className="sc-aXZVg hIhPbC"
        flex={1}
        justifyContent="center"
        mr="8px"
        p="16px"
      >
        <Text
          color="#201652"
          fontFamily="Roboto"
          fontSize="M"
          fontWeight="SEMI_BOLD"
          mb="8px"
          style={
            [
              {
                "color": "#201652",
                "fontFamily": "Roboto",
                "fontSize": 16,
                "fontWeight": "600",
                "marginBottom": 8,
              },
            ]
          }
        >
          Cost
        </Text>
        <Text
          color="#201652"
          fontFamily="Roboto"
          fontSize="M"
          fontWeight="NORMAL"
          style={
            [
              {
                "color": "#201652",
                "fontFamily": "Roboto",
                "fontSize": 16,
                "fontWeight": "400",
              },
            ]
          }
        >
          12432
        </Text>
      </View>
      <View
        alignItems="center"
        background="#3DBFAF"
        borderRadius="10px"
        className="sc-aXZVg laLpIJ"
        flex={1}
        justifyContent="center"
        ml="8px"
        p="16px"
      >
        <Text
          color="#201652"
          fontFamily="Roboto"
          fontSize="M"
          fontWeight="SEMI_BOLD"
          mb="8px"
          style={
            [
              {
                "color": "#201652",
                "fontFamily": "Roboto",
                "fontSize": 16,
                "fontWeight": "600",
                "marginBottom": 8,
              },
            ]
          }
        >
          Length
        </Text>
        <Text
          color="#201652"
          fontFamily="Roboto"
          fontSize="M"
          fontWeight="NORMAL"
          style={
            [
              {
                "color": "#201652",
                "fontFamily": "Roboto",
                "fontSize": 16,
                "fontWeight": "400",
              },
            ]
          }
        >
          231
        </Text>
      </View>
    </View>
    <View
      className="sc-aXZVg QSfUr"
      flexDirection="row"
      mb="16px"
    >
      <View
        alignItems="center"
        background="#3DBFAF"
        borderRadius="10px"
        className="sc-aXZVg hIhPbC"
        flex={1}
        justifyContent="center"
        mr="8px"
        p="16px"
      >
        <Text
          color="#201652"
          fontFamily="Roboto"
          fontSize="M"
          fontWeight="SEMI_BOLD"
          mb="8px"
          style={
            [
              {
                "color": "#201652",
                "fontFamily": "Roboto",
                "fontSize": 16,
                "fontWeight": "600",
                "marginBottom": 8,
              },
            ]
          }
        >
          Max Speed
        </Text>
        <Text
          color="#201652"
          fontFamily="Roboto"
          fontSize="M"
          fontWeight="NORMAL"
          style={
            [
              {
                "color": "#201652",
                "fontFamily": "Roboto",
                "fontSize": 16,
                "fontWeight": "400",
              },
            ]
          }
        >
          43423
        </Text>
      </View>
      <View
        alignItems="center"
        background="#3DBFAF"
        borderRadius="10px"
        className="sc-aXZVg laLpIJ"
        flex={1}
        justifyContent="center"
        ml="8px"
        p="16px"
      >
        <Text
          color="#201652"
          fontFamily="Roboto"
          fontSize="M"
          fontWeight="SEMI_BOLD"
          mb="8px"
          style={
            [
              {
                "color": "#201652",
                "fontFamily": "Roboto",
                "fontSize": 16,
                "fontWeight": "600",
                "marginBottom": 8,
              },
            ]
          }
        >
          Crew
        </Text>
        <Text
          color="#201652"
          fontFamily="Roboto"
          fontSize="M"
          fontWeight="NORMAL"
          style={
            [
              {
                "color": "#201652",
                "fontFamily": "Roboto",
                "fontSize": 16,
                "fontWeight": "400",
              },
            ]
          }
        >
          4234234
        </Text>
      </View>
    </View>
    <View
      className="sc-aXZVg QSfUr"
      flexDirection="row"
      mb="16px"
    >
      <View
        alignItems="center"
        background="#3DBFAF"
        borderRadius="10px"
        className="sc-aXZVg hIhPbC"
        flex={1}
        justifyContent="center"
        mr="8px"
        p="16px"
      >
        <Text
          color="#201652"
          fontFamily="Roboto"
          fontSize="M"
          fontWeight="SEMI_BOLD"
          mb="8px"
          style={
            [
              {
                "color": "#201652",
                "fontFamily": "Roboto",
                "fontSize": 16,
                "fontWeight": "600",
                "marginBottom": 8,
              },
            ]
          }
        >
          Passengers
        </Text>
        <Text
          color="#201652"
          fontFamily="Roboto"
          fontSize="M"
          fontWeight="NORMAL"
          style={
            [
              {
                "color": "#201652",
                "fontFamily": "Roboto",
                "fontSize": 16,
                "fontWeight": "400",
              },
            ]
          }
        >
          3213423
        </Text>
      </View>
      <View
        alignItems="center"
        background="#3DBFAF"
        borderRadius="10px"
        className="sc-aXZVg laLpIJ"
        flex={1}
        justifyContent="center"
        ml="8px"
        p="16px"
      >
        <Text
          color="#201652"
          fontFamily="Roboto"
          fontSize="M"
          fontWeight="SEMI_BOLD"
          mb="8px"
          style={
            [
              {
                "color": "#201652",
                "fontFamily": "Roboto",
                "fontSize": 16,
                "fontWeight": "600",
                "marginBottom": 8,
              },
            ]
          }
        >
          Capacity
        </Text>
        <Text
          color="#201652"
          fontFamily="Roboto"
          fontSize="M"
          fontWeight="NORMAL"
          style={
            [
              {
                "color": "#201652",
                "fontFamily": "Roboto",
                "fontSize": 16,
                "fontWeight": "400",
              },
            ]
          }
        >
          423432
        </Text>
      </View>
    </View>
  </View>
</View>
`;
